/home/hongsu/databases/ncbi_dataset/faa/GCF_000006605.1.faa
/home/hongsu/databases/ncbi_dataset/faa/GCF_000006765.1.faa
/home/hongsu/databases/ncbi_dataset/faa/GCF_000006925.2.faa
/home/hongsu/databases/ncbi_dataset/faa/GCF_000006945.2.faa
/home/hongsu/databases/ncbi_dataset/faa/GCF_000006985.1.faa
/home/hongsu/databases/ncbi_dataset/faa/GCF_000007025.1.faa
/home/hongsu/databases/ncbi_dataset/faa/GCF_000007085.1.faa
/home/hongsu/databases/ncbi_dataset/faa/GCF_000007105.1.faa
/home/hongsu/databases/ncbi_dataset/faa/GCF_000007125.1.faa
/home/hongsu/databases/ncbi_dataset/faa/GCF_000007245.1.faa
/home/hongsu/databases/ncbi_dataset/faa/GCF_000007505.1.faa
/home/hongsu/databases/ncbi_dataset/faa/GCF_000007745.1.faa
/home/hongsu/databases/ncbi_dataset/faa/GCF_000007765.2.faa
/home/hongsu/databases/ncbi_dataset/faa/GCF_000007805.1.faa
/home/hongsu/databases/ncbi_dataset/faa/GCF_000007905.1.faa
/home/hongsu/databases/ncbi_dataset/faa/GCF_000008445.1.faa
/home/hongsu/databases/ncbi_dataset/faa/GCF_000008465.1.faa
/home/hongsu/databases/ncbi_dataset/faa/GCF_000008865.2.faa
/home/hongsu/databases/ncbi_dataset/faa/GCF_000009365.1.faa
/home/hongsu/databases/ncbi_dataset/faa/GCF_000010085.1.faa
/home/hongsu/databases/ncbi_dataset/faa/GCF_000011745.1.faa
/home/hongsu/databases/ncbi_dataset/faa/GCF_000012325.1.faa
/home/hongsu/databases/ncbi_dataset/faa/GCF_000012805.1.faa
/home/hongsu/databases/ncbi_dataset/faa/GCF_000012985.1.faa
/home/hongsu/databases/ncbi_dataset/faa/GCF_000013705.1.faa
/home/hongsu/databases/ncbi_dataset/faa/GCF_000013765.1.faa
/home/hongsu/databases/ncbi_dataset/faa/GCF_000014705.1.faa
/home/hongsu/databases/ncbi_dataset/faa/GCF_000014885.1.faa
/home/hongsu/databases/ncbi_dataset/faa/GCF_000015245.1.faa
/home/hongsu/databases/ncbi_dataset/faa/GCF_000015285.1.faa
/home/hongsu/databases/ncbi_dataset/faa/GCF_000015725.1.faa
/home/hongsu/databases/ncbi_dataset/faa/GCF_000016065.1.faa
/home/hongsu/databases/ncbi_dataset/faa/GCF_000018045.1.faa
/home/hongsu/databases/ncbi_dataset/faa/GCF_000018285.1.faa
/home/hongsu/databases/ncbi_dataset/faa/GCF_000019405.1.faa
/home/hongsu/databases/ncbi_dataset/faa/GCF_000019505.1.faa
/home/hongsu/databases/ncbi_dataset/faa/GCF_000019525.1.faa
/home/hongsu/databases/ncbi_dataset/faa/GCF_000020845.1.faa
/home/hongsu/databases/ncbi_dataset/faa/GCF_000021705.1.faa
/home/hongsu/databases/ncbi_dataset/faa/GCF_000023065.1.faa
/home/hongsu/databases/ncbi_dataset/faa/GCF_000023545.1.faa
/home/hongsu/databases/ncbi_dataset/faa/GCF_000023565.1.faa
/home/hongsu/databases/ncbi_dataset/faa/GCF_000023745.1.faa
/home/hongsu/databases/ncbi_dataset/faa/GCF_000024825.1.faa
/home/hongsu/databases/ncbi_dataset/faa/GCF_000025065.1.faa
/home/hongsu/databases/ncbi_dataset/faa/GCF_000026085.1.faa
/home/hongsu/databases/ncbi_dataset/faa/GCF_000026185.1.faa
/home/hongsu/databases/ncbi_dataset/faa/GCF_000069965.1.faa
/home/hongsu/databases/ncbi_dataset/faa/GCF_000091325.1.faa
/home/hongsu/databases/ncbi_dataset/faa/GCF_000091565.1.faa
/home/hongsu/databases/ncbi_dataset/faa/GCF_000146165.2.faa
/home/hongsu/databases/ncbi_dataset/faa/GCF_000147055.1.faa
/home/hongsu/databases/ncbi_dataset/faa/GCF_000196095.1.faa
/home/hongsu/databases/ncbi_dataset/faa/GCF_000196155.1.faa
/home/hongsu/databases/ncbi_dataset/faa/GCF_000196475.1.faa
/home/hongsu/databases/ncbi_dataset/faa/GCF_000196495.1.faa
/home/hongsu/databases/ncbi_dataset/faa/GCF_000196615.1.faa
/home/hongsu/databases/ncbi_dataset/faa/GCF_000214235.1.faa
/home/hongsu/databases/ncbi_dataset/faa/GCF_000222975.1.faa
/home/hongsu/databases/ncbi_dataset/faa/GCF_000224675.1.faa
/home/hongsu/databases/ncbi_dataset/faa/GCF_000233595.1.faa
/home/hongsu/databases/ncbi_dataset/faa/GCF_000238255.3.faa
/home/hongsu/databases/ncbi_dataset/faa/GCF_000240185.1.faa
/home/hongsu/databases/ncbi_dataset/faa/GCF_000241955.1.faa
/home/hongsu/databases/ncbi_dataset/faa/GCF_000261045.2.faa
/home/hongsu/databases/ncbi_dataset/faa/GCF_000262305.1.faa
/home/hongsu/databases/ncbi_dataset/faa/GCF_000287335.1.faa
/home/hongsu/databases/ncbi_dataset/faa/GCF_000314895.2.faa
/home/hongsu/databases/ncbi_dataset/faa/GCF_000439255.1.faa
/home/hongsu/databases/ncbi_dataset/faa/GCF_000517405.1.faa
/home/hongsu/databases/ncbi_dataset/faa/GCF_000517425.1.faa
/home/hongsu/databases/ncbi_dataset/faa/GCF_000520015.2.faa
/home/hongsu/databases/ncbi_dataset/faa/GCF_000521695.1.faa
/home/hongsu/databases/ncbi_dataset/faa/GCF_000521725.1.faa
/home/hongsu/databases/ncbi_dataset/faa/GCF_000582515.1.faa
/home/hongsu/databases/ncbi_dataset/faa/GCF_000599985.1.faa
/home/hongsu/databases/ncbi_dataset/faa/GCF_000730385.1.faa
/home/hongsu/databases/ncbi_dataset/faa/GCF_000739435.1.faa
/home/hongsu/databases/ncbi_dataset/faa/GCF_000740965.1.faa
/home/hongsu/databases/ncbi_dataset/faa/GCF_000754265.1.faa
/home/hongsu/databases/ncbi_dataset/faa/GCF_000770115.1.faa
/home/hongsu/databases/ncbi_dataset/faa/GCF_000801145.1.faa
/home/hongsu/databases/ncbi_dataset/faa/GCF_000807275.1.faa
/home/hongsu/databases/ncbi_dataset/faa/GCF_000834455.1.faa
/home/hongsu/databases/ncbi_dataset/faa/GCF_000931575.1.faa
/home/hongsu/databases/ncbi_dataset/faa/GCF_000968175.1.faa
/home/hongsu/databases/ncbi_dataset/faa/GCF_000968195.1.faa
/home/hongsu/databases/ncbi_dataset/faa/GCF_000971765.1.faa
/home/hongsu/databases/ncbi_dataset/faa/GCF_001006005.1.faa
/home/hongsu/databases/ncbi_dataset/faa/GCF_001010285.1.faa
/home/hongsu/databases/ncbi_dataset/faa/GCF_001022135.1.faa
/home/hongsu/databases/ncbi_dataset/faa/GCF_001277175.1.faa
/home/hongsu/databases/ncbi_dataset/faa/GCF_001277195.1.faa
/home/hongsu/databases/ncbi_dataset/faa/GCF_001277215.2.faa
/home/hongsu/databases/ncbi_dataset/faa/GCF_001277235.1.faa
/home/hongsu/databases/ncbi_dataset/faa/GCF_001277255.1.faa
/home/hongsu/databases/ncbi_dataset/faa/GCF_001456255.1.faa
/home/hongsu/databases/ncbi_dataset/faa/GCF_001461805.1.faa
/home/hongsu/databases/ncbi_dataset/faa/GCF_001518835.1.faa
/home/hongsu/databases/ncbi_dataset/faa/GCF_001547935.1.faa
/home/hongsu/databases/ncbi_dataset/faa/GCF_001558255.2.faa
/home/hongsu/databases/ncbi_dataset/faa/GCF_001558935.2.faa
/home/hongsu/databases/ncbi_dataset/faa/GCF_001642805.2.faa
/home/hongsu/databases/ncbi_dataset/faa/GCF_001647695.1.faa
/home/hongsu/databases/ncbi_dataset/faa/GCF_001658025.2.faa
/home/hongsu/databases/ncbi_dataset/faa/GCF_001683395.1.faa
/home/hongsu/databases/ncbi_dataset/faa/GCF_001721185.1.faa
/home/hongsu/databases/ncbi_dataset/faa/GCF_001729805.1.faa
/home/hongsu/databases/ncbi_dataset/faa/GCF_001742185.1.faa
/home/hongsu/databases/ncbi_dataset/faa/GCF_001750725.1.faa
/home/hongsu/databases/ncbi_dataset/faa/GCF_001984825.2.faa
/home/hongsu/databases/ncbi_dataset/faa/GCF_002073255.2.faa
/home/hongsu/databases/ncbi_dataset/faa/GCF_002101395.1.faa
/home/hongsu/databases/ncbi_dataset/faa/GCF_002163605.1.faa
/home/hongsu/databases/ncbi_dataset/faa/GCF_002257545.1.faa
/home/hongsu/databases/ncbi_dataset/faa/GCF_002288545.1.faa
/home/hongsu/databases/ncbi_dataset/faa/GCF_002291425.1.faa
/home/hongsu/databases/ncbi_dataset/faa/GCF_002291445.1.faa
/home/hongsu/databases/ncbi_dataset/faa/GCF_002393445.1.faa
/home/hongsu/databases/ncbi_dataset/faa/GCF_002393505.1.faa
/home/hongsu/databases/ncbi_dataset/faa/GCF_002504285.1.faa
/home/hongsu/databases/ncbi_dataset/faa/GCF_002812485.1.faa
/home/hongsu/databases/ncbi_dataset/faa/GCF_002843235.3.faa
/home/hongsu/databases/ncbi_dataset/faa/GCF_002846995.1.faa
/home/hongsu/databases/ncbi_dataset/faa/GCF_002952315.1.faa
/home/hongsu/databases/ncbi_dataset/faa/GCF_002953195.1.faa
/home/hongsu/databases/ncbi_dataset/faa/GCF_003019925.1.faa
/home/hongsu/databases/ncbi_dataset/faa/GCF_003096015.2.faa
/home/hongsu/databases/ncbi_dataset/faa/GCF_003122425.1.faa
/home/hongsu/databases/ncbi_dataset/faa/GCF_003204135.1.faa
/home/hongsu/databases/ncbi_dataset/faa/GCF_003261575.2.faa
/home/hongsu/databases/ncbi_dataset/faa/GCF_003516125.1.faa
/home/hongsu/databases/ncbi_dataset/faa/GCF_003516165.1.faa
/home/hongsu/databases/ncbi_dataset/faa/GCF_003571485.1.faa
/home/hongsu/databases/ncbi_dataset/faa/GCF_003594935.2.faa
/home/hongsu/databases/ncbi_dataset/faa/GCF_003600645.1.faa
/home/hongsu/databases/ncbi_dataset/faa/GCF_003812345.1.faa
/home/hongsu/databases/ncbi_dataset/faa/GCF_003812925.1.faa
/home/hongsu/databases/ncbi_dataset/faa/GCF_003935895.2.faa
/home/hongsu/databases/ncbi_dataset/faa/GCF_004116975.1.faa
/home/hongsu/databases/ncbi_dataset/faa/GCF_004295645.1.faa
/home/hongsu/databases/ncbi_dataset/faa/GCF_004353845.1.faa
/home/hongsu/databases/ncbi_dataset/faa/GCF_004684345.1.faa
/home/hongsu/databases/ncbi_dataset/faa/GCF_004768525.1.faa
/home/hongsu/databases/ncbi_dataset/faa/GCF_005671395.1.faa
/home/hongsu/databases/ncbi_dataset/faa/GCF_006711645.1.faa
/home/hongsu/databases/ncbi_dataset/faa/GCF_007035805.1.faa
/home/hongsu/databases/ncbi_dataset/faa/GCF_007632255.1.faa
/home/hongsu/databases/ncbi_dataset/faa/GCF_007858975.2.faa
/home/hongsu/databases/ncbi_dataset/faa/GCF_008330085.1.faa
/home/hongsu/databases/ncbi_dataset/faa/GCF_008693605.1.faa
/home/hongsu/databases/ncbi_dataset/faa/GCF_008693645.1.faa
/home/hongsu/databases/ncbi_dataset/faa/GCF_009036245.1.faa
/home/hongsu/databases/ncbi_dataset/faa/GCF_009176645.1.faa
/home/hongsu/databases/ncbi_dataset/faa/GCF_009363135.1.faa
/home/hongsu/databases/ncbi_dataset/faa/GCF_009648935.1.faa
/home/hongsu/databases/ncbi_dataset/faa/GCF_009648975.1.faa
/home/hongsu/databases/ncbi_dataset/faa/GCF_009649915.1.faa
/home/hongsu/databases/ncbi_dataset/faa/GCF_009831415.1.faa
/home/hongsu/databases/ncbi_dataset/faa/GCF_009873295.1.faa
/home/hongsu/databases/ncbi_dataset/faa/GCF_009914055.1.faa
/home/hongsu/databases/ncbi_dataset/faa/GCF_010587025.1.faa
/home/hongsu/databases/ncbi_dataset/faa/GCF_011045835.1.faa
/home/hongsu/databases/ncbi_dataset/faa/GCF_011617105.1.faa
/home/hongsu/databases/ncbi_dataset/faa/GCF_011745665.1.faa
/home/hongsu/databases/ncbi_dataset/faa/GCF_011765605.1.faa
/home/hongsu/databases/ncbi_dataset/faa/GCF_012029655.1.faa
/home/hongsu/databases/ncbi_dataset/faa/GCF_013234275.1.faa
/home/hongsu/databases/ncbi_dataset/faa/GCF_013282725.1.faa
/home/hongsu/databases/ncbi_dataset/faa/GCF_013374815.1.faa
/home/hongsu/databases/ncbi_dataset/faa/GCF_013377195.1.faa
/home/hongsu/databases/ncbi_dataset/faa/GCF_013460135.1.faa
/home/hongsu/databases/ncbi_dataset/faa/GCF_013488025.1.faa
/home/hongsu/databases/ncbi_dataset/faa/GCF_014295015.1.faa
/home/hongsu/databases/ncbi_dataset/faa/GCF_015137655.1.faa
/home/hongsu/databases/ncbi_dataset/faa/GCF_015139575.1.faa
/home/hongsu/databases/ncbi_dataset/faa/GCF_015167415.1.faa
/home/hongsu/databases/ncbi_dataset/faa/GCF_015689195.1.faa
/home/hongsu/databases/ncbi_dataset/faa/GCF_016026395.1.faa
/home/hongsu/databases/ncbi_dataset/faa/GCF_016026735.1.faa
/home/hongsu/databases/ncbi_dataset/faa/GCF_016904755.1.faa
/home/hongsu/databases/ncbi_dataset/faa/GCF_017348915.1.faa
/home/hongsu/databases/ncbi_dataset/faa/GCF_017743015.1.faa
/home/hongsu/databases/ncbi_dataset/faa/GCF_018128425.1.faa
/home/hongsu/databases/ncbi_dataset/faa/GCF_018139045.1.faa
/home/hongsu/databases/ncbi_dataset/faa/GCF_018288855.1.faa
/home/hongsu/databases/ncbi_dataset/faa/GCF_019047765.1.faa
/home/hongsu/databases/ncbi_dataset/faa/GCF_019048625.1.faa
/home/hongsu/databases/ncbi_dataset/faa/GCF_019090985.1.faa
/home/hongsu/databases/ncbi_dataset/faa/GCF_019355955.1.faa
/home/hongsu/databases/ncbi_dataset/faa/GCF_019665745.1.faa
/home/hongsu/databases/ncbi_dataset/faa/GCF_019797845.1.faa
/home/hongsu/databases/ncbi_dataset/faa/GCF_019844095.1.faa
/home/hongsu/databases/ncbi_dataset/faa/GCF_020097475.1.faa
/home/hongsu/databases/ncbi_dataset/faa/GCF_020150375.1.faa
/home/hongsu/databases/ncbi_dataset/faa/GCF_020268605.1.faa
/home/hongsu/databases/ncbi_dataset/faa/GCF_020342335.1.faa
/home/hongsu/databases/ncbi_dataset/faa/GCF_020810675.1.faa
/home/hongsu/databases/ncbi_dataset/faa/GCF_020991025.1.faa
/home/hongsu/databases/ncbi_dataset/faa/GCF_021172065.1.faa
/home/hongsu/databases/ncbi_dataset/faa/GCF_021276285.1.faa
/home/hongsu/databases/ncbi_dataset/faa/GCF_021278985.1.faa
/home/hongsu/databases/ncbi_dataset/faa/GCF_022014715.1.faa
/home/hongsu/databases/ncbi_dataset/faa/GCF_022354085.1.faa
/home/hongsu/databases/ncbi_dataset/faa/GCF_022592395.1.faa
/home/hongsu/databases/ncbi_dataset/faa/GCF_022637515.1.faa
/home/hongsu/databases/ncbi_dataset/faa/GCF_022637595.1.faa
/home/hongsu/databases/ncbi_dataset/faa/GCF_022647505.1.faa
/home/hongsu/databases/ncbi_dataset/faa/GCF_023518055.1.faa
/home/hongsu/databases/ncbi_dataset/faa/GCF_025758125.1.faa
/home/hongsu/databases/ncbi_dataset/faa/GCF_900186025.1.faa
/home/hongsu/databases/ncbi_dataset/faa/GCF_900186835.1.faa
/home/hongsu/databases/ncbi_dataset/faa/GCF_900186995.1.faa
/home/hongsu/databases/ncbi_dataset/faa/GCF_900477945.1.faa
/home/hongsu/databases/ncbi_dataset/faa/GCF_900635775.1.faa
/home/hongsu/databases/ncbi_dataset/faa/GCF_900635955.1.faa
/home/hongsu/databases/ncbi_dataset/faa/GCF_900638065.1.faa
/home/hongsu/databases/ncbi_dataset/faa/GCF_902164675.1.faa
/home/hongsu/databases/ncbi_dataset/faa/GCF_902164725.1.faa
/home/hongsu/databases/ncbi_dataset/faa/GCF_902387845.1.faa